---
source: tests/render_snapshots.rs
expression: "render_to_string(&s, 20, 80)"
---
[1m[36m zelligent · repo (0) ─────────────────────────────────────────────────────────[0m

  [2mNo tabs in this session.                                                      [0m
  [2mn: pick branch                                                                [0m
  [2mi: create branch                                                              [0m











  [2mready                                                                         [0m

  [2mjk move · Enter switch · n branch · i new · d remove · r refresh · q quit     [0m
  [2mVERSION                                                             [0m
