---
source: tests/render_snapshots.rs
expression: "render_to_string(&s, 20, 80)"
---
[1m[36m  ──────────────────────────────────────────────────────────────────────────────[0m
  [46m[30m  feat-a                                                                   [0m[36m[0m
    [36mbranch: feat-a                                                              [0m
    [0mfeat-b                                                                   
    [2mbranch: feat-b                                                              [0m
    [0mfeat-c                                                                   
    [2mbranch: feat-c                                                              [0m










  [2m↑/k[0m up  [2m↓/j[0m down  [2mEnter[0m open  [2mn[0m branch  [2mi[0m new  [2md[0m remove  [2mr[0m refresh
  [2mVERSION                                                             [0m
