---
source: tests/render_snapshots.rs
expression: empty_input
---
[1m[36m zelligent ─────────────────────────────────────────────────────────────────────[0m

  [1mNew branch name:[0m

  > [7m [0m













  [2mEnter[0m create  [2mEsc[0m back
  [2mVERSION                                                             [0m
