---
source: tests/render_snapshots.rs
expression: "render_to_string(&s, 14, 40)"
---
[1m[36m zelligent · myrepo (2) ───────────────[0m

  ▌[7m  [36m⎇[0m feature-super-long-branch-name-fo[0m
  ▌[7m[2m    branch: feature/super-long-branch[0m[0m
     [2m□[0m manual-tab-with-a-very-long-name 
   [2m    user tab                         [0m




  [2mready                                 [0m

  [2mjk move · Enter switch · n branch · i [0m
  [2mVERSION                     [0m
