---
source: tests/render_snapshots.rs
expression: after_bs
---
[1m[36m zelligent · repo ─────────────────────────────────────────────────────────────[0m

  [1mNew branch name:[0m

  > fi[7m [0m

  [2mEnter create  Esc back                                                        [0m
  [2mVERSION                                                             [0m
