---
source: tests/render_snapshots.rs
expression: "render_to_string(&s, 20, 80)"
---
[1m[36m zelligent · repo ─────────────────────────────────────────────────────────────[0m

  [2mNo branches found.[0m

  [2mj/k move  Enter create  Esc back                                              [0m
  [2mVERSION                                                             [0m
