---
source: tests/render_snapshots.rs
expression: "render_to_string(&s, 20, 80)"
---
[1m[36m myrepo ────────────────────────────────────────────────────────────────────────[0m

  [7m  feat-cool                                                                [0m[0m
    [2mbranch: feat/cool                                                           [0m
    [0m notes                                                                   
    [2muser tab                                                                    [0m












  [2m↑/k[0m up  [2m↓/j[0m down  [2mEnter[0m open  [2mn[0m branch  [2mi[0m new  [2md[0m remove  [2mr[0m refresh
  [2mVERSION                                                             [0m
