---
source: tests/render_snapshots.rs
expression: typed
---
[1m[36m  ──────────────────────────────────────────────────────────────────────────────[0m

  [1mNew branch name:[0m

  > fix[7m [0m














  [2mEnter[0m create  [2mEsc[0m back
  [2mVERSION                                                             [0m
