---
source: tests/render_snapshots.rs
expression: after_j
---
[1m[36m zelligent · repo (3) ─────────────────────────────────────────────────────────[0m

     [36m⎇[0m feat-a                                                                   
   [2m    worktree tab                                                             [0m
  ▌[7m  [36m⎇[0m feat-b                                                                   [0m
  ▌[7m[2m    worktree tab                                                             [0m[0m
     [36m⎇[0m feat-c                                                                   
   [2m    worktree tab                                                             [0m








  [2mready                                                                         [0m

  [2mjk move · Enter switch · n branch · i new · d remove · r refresh · q quit     [0m
  [2mVERSION                                                             [0m
