---
source: tests/render_snapshots.rs
expression: picker
---
[?1049h[H[2J[1m[36m zelligent ─────────────────────────────────────────────────────────────────────[0m

  [1mSelect a branch:[0m

[36m▌[0m main
  feat-a
  feat-b
  dev










  [2m↑/k[0m up  [2m↓/j[0m down  [2mEnter[0m create  [2mEsc[0m back
  [2mVERSION                                                             [0m
