---
source: tests/render_snapshots.rs
expression: "render_to_string(&s, 20, 80)"
---
[1m[36m zelligent · myrepo (3) ───────────────────────────────────────────────────────[0m

  ▌  [36m⎇[0m [42m[30m[0m[42m[30m plugin-snapshot-tests [0m[32m[0m                                                
  ▌[2m    branch: plugin-snapshot-tests                                            [0m
     [36m⎇[0m competition                                                              
   [2m    branch: competition                                                      [0m
     [36m⎇[0m feat-ding-dong                                                           
   [2m    branch: feat/ding-dong                                                   [0m








  [2mready                                                                         [0m

  [2mjk move · Enter switch · n branch · i new · d remove · r refresh · q quit     [0m
  [2mVERSION                                                             [0m
