---
source: tests/render_snapshots.rs
expression: after_j
---
[1m[36m zelligent · repo (3) ─────────────────────────────────────────────────────────[0m

     [36m⎇[0m feat-a                                                                   
   [2m    branch: feat-a                                                           [0m
  ▌  [36m⎇[0m [42m[30m[0m[42m[30m feat-b [0m[32m[0m                                                               
  ▌[2m    branch: feat-b                                                           [0m
     [36m⎇[0m feat-c                                                                   
   [2m    branch: feat-c                                                           [0m








  [2mready                                                                         [0m

  [2mjk move · Enter switch · n branch · i new · d remove · r refresh · q quit     [0m
  [2mVERSION                                                             [0m
